<html>
<body>
<pre>
<h1>礦ision Build Log</h1>
<h2>Tool Versions:</h2>
IDE-Version: μVision V5.14.0.0
Copyright (C) 2015 ARM Ltd and ARM Germany GmbH. All rights reserved.
License Information: dd dd, dd, LIC=P6FVE-51M02-77WRP-M9GL0-IWFZY-8W2VN
 
Tool Versions:
Toolchain:       MDK-ARM Professional  Version: 5.14.0.0
Toolchain Path:  D:\Keil_v5\ARM\ARMCC\Bin
C Compiler:      Armcc.exe V5.05 update 1 (build 106)
Assembler:       Armasm.exe V5.05 update 1 (build 106)
Linker/Locator:  ArmLink.exe V5.05 update 1 (build 106)
Library Manager: ArmAr.exe V5.05 update 1 (build 106)
Hex Converter:   FromElf.exe V5.05 update 1 (build 106)
CPU DLL:         SARMCM3.DLL V5.14.0.0
Dialog DLL:      DCM.DLL V1.13.1.0
Target DLL:      Segger\JL2CM3.dll V2.99.13.0
Dialog DLL:      TCM.DLL V1.14.4.0
 
<h2>Project:</h2>
D:\desktop\超声波\测距上传HTTP程序1.4_现场版\USER\Project.uvprojx
Project File Date:  01/20/2018

<h2>Output:</h2>
Rebuild target 'Project'
compiling main.c...
compiling stm32f10x_it.c...
compiling usart.c...
..\BSP\USART\usart.c(214): warning:  #177-D: variable "NVIC_InitStructure" was declared but never referenced
        NVIC_InitTypeDef  NVIC_InitStructure;
..\BSP\USART\usart.c: 1 warning, 0 errors
compiling key.c...
compiling Led.c...
compiling SysTick.c...
compiling timer.c...
compiling iwdg.c...
..\BSP\IWDG\iwdg.c(31): warning:  #223-D: function "printf" declared implicitly
        printf("..........feed dog..........\r\n");
..\BSP\IWDG\iwdg.c: 1 warning, 0 errors
compiling misc.c...
compiling stm32f10x_exti.c...
compiling stm32f10x_gpio.c...
compiling stm32f10x_rcc.c...
compiling stm32f10x_tim.c...
compiling stm32f10x_usart.c...
compiling stm32f10x_flash.c...
compiling stm32f10x_iwdg.c...
compiling core_cm3.c...
compiling system_stm32f10x.c...
assembling startup_stm32f10x_hd.s...
linking...
Program Size: Code=14840 RO-data=336 RW-data=364 ZI-data=2332  
FromELF: creating hex file...
".\Output\Project.axf" - 0 Error(s), 2 Warning(s).

<h2>Collection of Component include folders:</h2>
  D:\desktop\超声波\测距上传HTTP程序1.4_现场版\USER\RTE
  D:\Keil_v5\ARM\PACK\Keil\STM32F1xx_DFP\1.0.5\Device\Include

<h2>Collection of Component Files used:</h2>
</pre>
</body>
</html>
